2021-09-17T15:27:58.688+0800	INFO	server/hmps.go:184	监听:%d端口, 等待client连接... 
25300
2021-09-17T15:27:58.700+0800	INFO	server/hmps.go:191	监听:%d端口, 等待user连接.... 
25200
